
[1m[46m RUN [49m[22m [36mv4.0.15 [39m[90mC:/Users/johka96/kod/aura[39m

 [32mâœ“[39m src/__tests__/sanity.spec.ts[2m > [22mSanity Check[2m > [22mtrue is true[32m 14[2mms[22m[39m
 [32mâœ“[39m src/__tests__/toast.spec.ts[2m > [22museToast Composable[2m > [22madds a success toast[32m 34[2mms[22m[39m
 [32mâœ“[39m src/__tests__/toast.spec.ts[2m > [22museToast Composable[2m > [22madds an error toast[32m 51[2mms[22m[39m
 [32mâœ“[39m src/__tests__/toast.spec.ts[2m > [22museToast Composable[2m > [22mremoves a toast after timeout[32m 39[2mms[22m[39m
 [32mâœ“[39m src/__tests__/toast.spec.ts[2m > [22museToast Composable[2m > [22mallows manual removal of toast[32m 7[2mms[22m[39m
 [32mâœ“[39m src/__tests__/affects.spec.ts[2m > [22mAffect Theory Data & Localization[2m > [22mshould have exactly 9 basic affects[32m 8[2mms[22m[39m
 [32mâœ“[39m src/__tests__/affects.spec.ts[2m > [22mAffect Theory Data & Localization[2m > [22mshould have correct structure for each affect[32m 7[2mms[22m[39m
 [32mâœ“[39m src/__tests__/affects.spec.ts[2m > [22mAffect Theory Data & Localization[2m > [22mLocalization (EN)[2m > [22mshould have translations for all basic affects[32m 3[2mms[22m[39m
 [32mâœ“[39m src/__tests__/affects.spec.ts[2m > [22mAffect Theory Data & Localization[2m > [22mLocalization (EN)[2m > [22mshould have translations for all related emotions[32m 12[2mms[22m[39m
 [32mâœ“[39m src/__tests__/affects.spec.ts[2m > [22mAffect Theory Data & Localization[2m > [22mLocalization (SV)[2m > [22mshould have translations for all basic affects[32m 3[2mms[22m[39m
 [32mâœ“[39m src/__tests__/affects.spec.ts[2m > [22mAffect Theory Data & Localization[2m > [22mLocalization (SV)[2m > [22mshould have translations for all related emotions[32m 28[2mms[22m[39m
 [32mâœ“[39m src/__tests__/journal.spec.ts[2m > [22mJournal Store[2m > [22minitializes with empty gratitude and default health[32m 43[2mms[22m[39m
 [32mâœ“[39m src/__tests__/journal.spec.ts[2m > [22mJournal Store[2m > [22mupdates gratitude correctly[32m 7[2mms[22m[39m
 [32mâœ“[39m src/__tests__/journal.spec.ts[2m > [22mJournal Store[2m > [22mupdates mood[32m 6[2mms[22m[39m
 [32mâœ“[39m src/__tests__/journal.spec.ts[2m > [22mJournal Store[2m > [22mmock save entry logic[32m 5[2mms[22m[39m
 [32mâœ“[39m src/__tests__/integration_moods.spec.ts[2m > [22mAffect Theory Implementation[2m > [22mAFFECTS constant has correct structure[32m 20[2mms[22m[39m
[90mstderr[2m | src/__tests__/integration_moods.spec.ts[2m > [22m[2mAffect Theory Implementation[2m > [22m[2mMoodAccordion renders 9 basic affects
[22m[39m[Vue warn]: Invalid vnode type when creating vnode: undefined. 
  at <MoodAccordion ref="VTU_COMPONENT" > 
  at <VTUROOT>

 [31mÃ—[39m src/__tests__/integration_moods.spec.ts[2m > [22mAffect Theory Implementation[2m > [22mMoodDetailModal emits close event[33m 356[2mms[22m[39m
[31m   â†’ Need to install with `app.use` function[39m
 [31mÃ—[39m src/__tests__/integration_moods.spec.ts[2m > [22mAffect Theory Implementation[2m > [22mMoodAccordion renders 9 basic affects[32m 168[2mms[22m[39m
[31m   â†’ Need to install with `app.use` function[39m
[90mstderr[2m | src/__tests__/notifications.spec.ts[2m > [22m[2museNotifications Composable[2m > [22m[2mupdates permission state on request
[22m[39m[Vue warn]: Invalid watch source:  { value: [32m'en'[39m } A watch source can only be a getter/effect function, a ref, a reactive object, or an array of these types.

 [32mâœ“[39m src/__tests__/notifications.spec.ts[2m > [22museNotifications Composable[2m > [22mupdates permission state on request[33m 1490[2mms[22m[39m
[90mstderr[2m | src/__tests__/notifications.spec.ts[2m > [22m[2museNotifications Composable[2m > [22m[2mhandles denied permission
[22m[39m[Vue warn]: Invalid watch source:  { value: [32m'en'[39m } A watch source can only be a getter/effect function, a ref, a reactive object, or an array of these types.

 [32mâœ“[39m src/__tests__/notifications.spec.ts[2m > [22museNotifications Composable[2m > [22mhandles denied permission[32m 231[2mms[22m[39m
[90mstderr[2m | src/__tests__/notifications.spec.ts[2m > [22m[2museNotifications Composable[2m > [22m[2mreturns true immediately if already granted
[22m[39m[Vue warn]: Invalid watch source:  { value: [32m'en'[39m } A watch source can only be a getter/effect function, a ref, a reactive object, or an array of these types.

 [32mâœ“[39m src/__tests__/notifications.spec.ts[2m > [22museNotifications Composable[2m > [22mreturns true immediately if already granted[32m 227[2mms[22m[39m
[90mstderr[2m | src/__tests__/gratitude_inspiration.spec.ts[2m > [22m[2mGratitudeInput.vue Inspiration[2m > [22m[2mshows inspiration list when lightbulb is clicked
[22m[39m[intlify] Not found 'gratitude_inspiration_title' key in 'en' locale messages.

[90mstderr[2m | src/__tests__/gratitude_inspiration.spec.ts[2m > [22m[2mGratitudeInput.vue Inspiration[2m > [22m[2mshows inspiration list when lightbulb is clicked
[22m[39m[intlify] Not found 'gratitude_inspiration_title' key in 'en' locale messages.
[intlify] Not found 'close' key in 'en' locale messages.

 [32mâœ“[39m src/__tests__/gratitude_inspiration.spec.ts[2m > [22mGratitudeInput.vue Inspiration[2m > [22mshows inspiration list when lightbulb is clicked[33m 397[2mms[22m[39m
[90mstderr[2m | src/__tests__/gratitude_inspiration.spec.ts[2m > [22m[2mGratitudeInput.vue Inspiration[2m > [22m[2mfills input when example is clicked
[22m[39m[intlify] Not found 'gratitude_inspiration_title' key in 'en' locale messages.

[90mstderr[2m | src/__tests__/gratitude_inspiration.spec.ts[2m > [22m[2mGratitudeInput.vue Inspiration[2m > [22m[2mfills input when example is clicked
[22m[39m[intlify] Not found 'gratitude_inspiration_title' key in 'en' locale messages.
[intlify] Not found 'close' key in 'en' locale messages.

[90mstderr[2m | src/__tests__/gratitude_inspiration.spec.ts[2m > [22m[2mGratitudeInput.vue Inspiration[2m > [22m[2mfills input when example is clicked
[22m[39m[intlify] Not found 'gratitude_inspiration_title' key in 'en' locale messages.
[intlify] Not found 'gratitude_inspiration_title' key in 'en' locale messages.

 [32mâœ“[39m src/__tests__/gratitude_inspiration.spec.ts[2m > [22mGratitudeInput.vue Inspiration[2m > [22mfills input when example is clicked[33m 545[2mms[22m[39m
[90mstderr[2m | src/__tests__/todo_ux.spec.ts[2m > [22m[2mTodoView Collapsible UX[2m > [22m[2mrenders collapsed state initially
[22m[39m[intlify] Not found 'priorities.High' key in 'en' locale messages.

 [32mâœ“[39m src/__tests__/todo_ux.spec.ts[2m > [22mTodoView Collapsible UX[2m > [22mrenders collapsed state initially[33m 1140[2mms[22m[39m
[90mstderr[2m | src/__tests__/todo_ux.spec.ts[2m > [22m[2mTodoView Collapsible UX[2m > [22m[2mexpands item on click
[22m[39m[intlify] Not found 'priorities.High' key in 'en' locale messages.

[90mstderr[2m | src/__tests__/todo_ux.spec.ts[2m > [22m[2mTodoView Collapsible UX[2m > [22m[2mexpands item on click
[22m[39m[intlify] Not found 'priorities.High' key in 'en' locale messages.

 [32mâœ“[39m src/__tests__/todo_ux.spec.ts[2m > [22mTodoView Collapsible UX[2m > [22mexpands item on click[32m 229[2mms[22m[39m
[90mstderr[2m | src/__tests__/todo_ux.spec.ts[2m > [22m[2mTodoView Collapsible UX[2m > [22m[2mcollapses item when clicking again
[22m[39m[intlify] Not found 'priorities.High' key in 'en' locale messages.

[90mstderr[2m | src/__tests__/todo_ux.spec.ts[2m > [22m[2mTodoView Collapsible UX[2m > [22m[2mcollapses item when clicking again
[22m[39m[intlify] Not found 'priorities.High' key in 'en' locale messages.

[90mstderr[2m | src/__tests__/todo_ux.spec.ts[2m > [22m[2mTodoView Collapsible UX[2m > [22m[2mcollapses item when clicking again
[22m[39m[intlify] Not found 'priorities.High' key in 'en' locale messages.

 [32mâœ“[39m src/__tests__/todo_ux.spec.ts[2m > [22mTodoView Collapsible UX[2m > [22mcollapses item when clicking again[32m 68[2mms[22m[39m
[90mstderr[2m | src/__tests__/history.spec.ts[2m > [22m[2mHistoryView.vue[2m > [22m[2mrenders tabs
[22m[39m[intlify] Not found 'stats_tab' key in 'en' locale messages.
[intlify] Not found 'search_placeholder' key in 'en' locale messages.
[intlify] Not found 'delete_entry' key in 'en' locale messages.
[intlify] Not found 'delete_confirm' key in 'en' locale messages.
[intlify] Not found 'delete_entry' key in 'en' locale messages.
[intlify] Not found 'cancel' key in 'en' locale messages.
[intlify] Not found 'change_pin' key in 'en' locale messages.
[intlify] Not found 'reset_pin_confirm_msg' key in 'en' locale messages.
[intlify] Not found 'authenticate' key in 'en' locale messages.
[intlify] Not found 'cancel' key in 'en' locale messages.

[90mstderr[2m | src/__tests__/history_features.spec.ts[2m > [22m[2mHistoryView Search and Collapse[2m > [22m[2mfilters entries based on search query
[22m[39m[intlify] Not found 'cancel' key in 'en' locale messages.
[intlify] Not found 'change_pin' key in 'en' locale messages.
[intlify] Not found 'reset_pin_confirm_msg' key in 'en' locale messages.
[intlify] Not found 'authenticate' key in 'en' locale messages.
[intlify] Not found 'cancel' key in 'en' locale messages.

 [32mâœ“[39m src/__tests__/history.spec.ts[2m > [22mHistoryView.vue[2m > [22mrenders tabs[33m 1961[2mms[22m[39m
[90mstderr[2m | src/__tests__/history_features.spec.ts[2m > [22m[2mHistoryView Search and Collapse[2m > [22m[2mfilters entries based on search query
[22m[39m[intlify] Not found 'cancel' key in 'en' locale messages.
[intlify] Not found 'change_pin' key in 'en' locale messages.
[intlify] Not found 'reset_pin_confirm_msg' key in 'en' locale messages.
[intlify] Not found 'authenticate' key in 'en' locale messages.
[intlify] Not found 'cancel' key in 'en' locale messages.

[90mstderr[2m | src/__tests__/history_features.spec.ts[2m > [22m[2mHistoryView Search and Collapse[2m > [22m[2mfilters entries based on search query
[22m[39m[intlify] Not found 'cancel' key in 'en' locale messages.
[intlify] Not found 'change_pin' key in 'en' locale messages.
[intlify] Not found 'reset_pin_confirm_msg' key in 'en' locale messages.
[intlify] Not found 'authenticate' key in 'en' locale messages.
[intlify] Not found 'cancel' key in 'en' locale messages.

 [32mâœ“[39m src/__tests__/history_features.spec.ts[2m > [22mHistoryView Search and Collapse[2m > [22mfilters entries based on search query[33m 2103[2mms[22m[39m
[90mstderr[2m | src/__tests__/history.spec.ts[2m > [22m[2mHistoryView.vue[2m > [22m[2mswitches to calendar tab
[22m[39m[intlify] Not found 'stats_tab' key in 'en' locale messages.
[intlify] Not found 'search_placeholder' key in 'en' locale messages.
[intlify] Not found 'delete_entry' key in 'en' locale messages.
[intlify] Not found 'delete_confirm' key in 'en' locale messages.
[intlify] Not found 'delete_entry' key in 'en' locale messages.
[intlify] Not found 'cancel' key in 'en' locale messages.
[intlify] Not found 'change_pin' key in 'en' locale messages.
[intlify] Not found 'reset_pin_confirm_msg' key in 'en' locale messages.
[intlify] Not found 'authenticate' key in 'en' locale messages.
[intlify] Not found 'cancel' key in 'en' locale messages.

[90mstderr[2m | src/__tests__/history_features.spec.ts[2m > [22m[2mHistoryView Search and Collapse[2m > [22m[2mtoggles collapsible entries
[22m[39m[intlify] Not found 'cancel' key in 'en' locale messages.
[intlify] Not found 'change_pin' key in 'en' locale messages.
[intlify] Not found 'reset_pin_confirm_msg' key in 'en' locale messages.
[intlify] Not found 'authenticate' key in 'en' locale messages.
[intlify] Not found 'cancel' key in 'en' locale messages.

[90mstderr[2m | src/__tests__/history.spec.ts[2m > [22m[2mHistoryView.vue[2m > [22m[2mswitches to calendar tab
[22m[39m[intlify] Not found 'stats_tab' key in 'en' locale messages.
[intlify] Not found 'prev_month' key in 'en' locale messages.
[intlify] Not found 'next_month' key in 'en' locale messages.
[intlify] Not found 'delete_entry' key in 'en' locale messages.
[intlify] Not found 'delete_confirm' key in 'en' locale messages.
[intlify] Not found 'delete_entry' key in 'en' locale messages.
[intlify] Not found 'cancel' key in 'en' locale messages.
[intlify] Not found 'change_pin' key in 'en' locale messages.
[intlify] Not found 'reset_pin_confirm_msg' key in 'en' locale messages.
[intlify] Not found 'authenticate' key in 'en' locale messages.
[intlify] Not found 'cancel' key in 'en' locale messages.

 [32mâœ“[39m src/__tests__/history.spec.ts[2m > [22mHistoryView.vue[2m > [22mswitches to calendar tab[33m 335[2mms[22m[39m
[90mstderr[2m | src/__tests__/history_features.spec.ts[2m > [22m[2mHistoryView Search and Collapse[2m > [22m[2mtoggles collapsible entries
[22m[39m[intlify] Not found 'scales.health' key in 'en' locale messages.
[intlify] Not found 'scales.sleep' key in 'en' locale messages.
[intlify] Not found 'scales.food' key in 'en' locale messages.
[intlify] Not found 'scales.movement' key in 'en' locale messages.
[intlify] Not found 'cancel' key in 'en' locale messages.
[intlify] Not found 'change_pin' key in 'en' locale messages.
[intlify] Not found 'reset_pin_confirm_msg' key in 'en' locale messages.
[intlify] Not found 'authenticate' key in 'en' locale messages.
[intlify] Not found 'cancel' key in 'en' locale messages.

[90mstderr[2m | src/__tests__/history_features.spec.ts[2m > [22m[2mHistoryView Search and Collapse[2m > [22m[2mtoggles collapsible entries
[22m[39m[intlify] Not found 'cancel' key in 'en' locale messages.
[intlify] Not found 'change_pin' key in 'en' locale messages.
[intlify] Not found 'reset_pin_confirm_msg' key in 'en' locale messages.
[intlify] Not found 'authenticate' key in 'en' locale messages.
[intlify] Not found 'cancel' key in 'en' locale messages.

 [32mâœ“[39m src/__tests__/history_features.spec.ts[2m > [22mHistoryView Search and Collapse[2m > [22mtoggles collapsible entries[32m 284[2mms[22m[39m

[31mâ¯â¯â¯â¯â¯â¯â¯[39m[1m[41m Failed Tests 2 [49m[22m[31mâ¯â¯â¯â¯â¯â¯â¯[39m

[41m[1m FAIL [22m[49m src/__tests__/integration_moods.spec.ts[2m > [22mAffect Theory Implementation[2m > [22mMoodDetailModal emits close event
[31m[1mSyntaxError[22m: Need to install with `app.use` function[39m
[90m [2mâ¯[22m createCompileError node_modules/@intlify/message-compiler/dist/message-compiler.mjs:[2m77:19[22m[39m
[90m [2mâ¯[22m createI18nError node_modules/vue-i18n/dist/vue-i18n.mjs:[2m62:12[22m[39m
[90m [2mâ¯[22m useI18n node_modules/vue-i18n/dist/vue-i18n.mjs:[2m2155:15[22m[39m
[36m [2mâ¯[22m setup src/components/journal/MoodDetailModal.vue:[2m79:15[22m[39m
    [90m 77| [39mdefineEmits(['close'])
    [90m 78| [39mconst store = useJournalStore()
    [90m 79| [39mconst { t } = useI18n()
    [90m   | [39m              [31m^[39m
    [90m 80| [39m
    [90m 81| [39mconst shortAffectName = computed(() => {
[90m [2mâ¯[22m callWithErrorHandling node_modules/@vue/runtime-core/dist/runtime-core.cjs.js:[2m200:19[22m[39m
[90m [2mâ¯[22m setupStatefulComponent node_modules/@vue/runtime-core/dist/runtime-core.cjs.js:[2m7952:25[22m[39m
[90m [2mâ¯[22m setupComponent node_modules/@vue/runtime-core/dist/runtime-core.cjs.js:[2m7914:36[22m[39m
[90m [2mâ¯[22m mountComponent node_modules/@vue/runtime-core/dist/runtime-core.cjs.js:[2m5869:7[22m[39m
[90m [2mâ¯[22m processComponent node_modules/@vue/runtime-core/dist/runtime-core.cjs.js:[2m5835:9[22m[39m
[90m [2mâ¯[22m patch node_modules/@vue/runtime-core/dist/runtime-core.cjs.js:[2m5352:11[22m[39m

[31m[2mâ¯â¯â¯â¯â¯â¯â¯â¯â¯â¯â¯â¯â¯â¯â¯â¯â¯â¯â¯â¯â¯â¯â¯â¯â¯â¯â¯â¯â¯â¯[22m[39m
[31m[1mSerialized Error:[22m[39m [90m{ code: 27, domain: undefined }[39m
[31m[2mâ¯â¯â¯â¯â¯â¯â¯â¯â¯â¯â¯â¯â¯â¯â¯â¯â¯â¯â¯â¯â¯â¯â¯â¯[1/2]â¯[22m[39m

[41m[1m FAIL [22m[49m src/__tests__/integration_moods.spec.ts[2m > [22mAffect Theory Implementation[2m > [22mMoodAccordion renders 9 basic affects
[31m[1mSyntaxError[22m: Need to install with `app.use` function[39m
[90m [2mâ¯[22m createCompileError node_modules/@intlify/message-compiler/dist/message-compiler.mjs:[2m77:19[22m[39m
[90m [2mâ¯[22m createI18nError node_modules/vue-i18n/dist/vue-i18n.mjs:[2m62:12[22m[39m
[90m [2mâ¯[22m useI18n node_modules/vue-i18n/dist/vue-i18n.mjs:[2m2155:15[22m[39m
[36m [2mâ¯[22m setup src/components/journal/MoodAccordion.vue:[2m58:15[22m[39m
    [90m 56| [39m
    [90m 57| [39mconst store = useJournalStore()
    [90m 58| [39mconst { t } = useI18n()
    [90m   | [39m              [31m^[39m
    [90m 59| [39mconst affects = AFFECTS
    [90m 60| [39m
[90m [2mâ¯[22m callWithErrorHandling node_modules/@vue/runtime-core/dist/runtime-core.cjs.js:[2m200:19[22m[39m
[90m [2mâ¯[22m setupStatefulComponent node_modules/@vue/runtime-core/dist/runtime-core.cjs.js:[2m7952:25[22m[39m
[90m [2mâ¯[22m setupComponent node_modules/@vue/runtime-core/dist/runtime-core.cjs.js:[2m7914:36[22m[39m
[90m [2mâ¯[22m mountComponent node_modules/@vue/runtime-core/dist/runtime-core.cjs.js:[2m5869:7[22m[39m
[90m [2mâ¯[22m processComponent node_modules/@vue/runtime-core/dist/runtime-core.cjs.js:[2m5835:9[22m[39m
[90m [2mâ¯[22m patch node_modules/@vue/runtime-core/dist/runtime-core.cjs.js:[2m5352:11[22m[39m

[31m[2mâ¯â¯â¯â¯â¯â¯â¯â¯â¯â¯â¯â¯â¯â¯â¯â¯â¯â¯â¯â¯â¯â¯â¯â¯â¯â¯â¯â¯â¯â¯[22m[39m
[31m[1mSerialized Error:[22m[39m [90m{ code: 27, domain: undefined }[39m
[31m[2mâ¯â¯â¯â¯â¯â¯â¯â¯â¯â¯â¯â¯â¯â¯â¯â¯â¯â¯â¯â¯â¯â¯â¯â¯[2/2]â¯[22m[39m


[2m Test Files [22m [1m[31m1 failed[39m[22m[2m | [22m[1m[32m9 passed[39m[22m[90m (10)[39m
[2m      Tests [22m [1m[31m2 failed[39m[22m[2m | [22m[1m[32m28 passed[39m[22m[90m (30)[39m
[2m   Start at [22m 22:35:41
[2m   Duration [22m 28.95s[2m (transform 15.02s, setup 6.15s, import 71.81s, tests 9.96s, environment 140.41s)[22m

